---
http_interactions:
- request:
    method: get
    uri: https://api.twitter.com/1.1/statuses/user_timeline.json?since_id=630946246803361792&user_id=11583102
    body:
      encoding: US-ASCII
      string: ''
    headers:
      Accept:
      - application/json
      User-Agent:
      - TwitterRubyGem/5.14.0
      Authorization:
      - OAuth oauth_consumer_key="5krmFXXwWef6Gq3z6nPUtD4e5", oauth_nonce="433b5e333e58985f0a1b9c675f0c17fc",
        oauth_signature="iPwCZYCbRU06w7gQSUJZAi6xZBI%3D", oauth_signature_method="HMAC-SHA1",
        oauth_timestamp="1439329487", oauth_token="3307358647-bm3xTIpLExcIMMrIDpvdxcntTuyTsuV6hysXg3J",
        oauth_version="1.0"
      Accept-Encoding:
      - gzip;q=1.0,deflate;q=0.6,identity;q=0.3
  response:
    status:
      code: 200
      message: OK
    headers:
      Cache-Control:
      - no-cache, no-store, must-revalidate, pre-check=0, post-check=0
      Content-Disposition:
      - attachment; filename=json.json
      Content-Length:
      - '1099'
      Content-Type:
      - application/json;charset=utf-8
      Date:
      - Tue, 11 Aug 2015 21:44:47 GMT
      Expires:
      - Tue, 31 Mar 1981 05:00:00 GMT
      Last-Modified:
      - Tue, 11 Aug 2015 21:44:47 GMT
      Pragma:
      - no-cache
      Server:
      - tsa_a
      Set-Cookie:
      - guest_id=v1%3A143932948745686084; Domain=.twitter.com; Path=/; Expires=Thu,
        10-Aug-2017 21:44:47 UTC
      - lang=en; Path=/
      Status:
      - 200 OK
      Strict-Transport-Security:
      - max-age=631138519
      X-Access-Level:
      - read-write
      X-Connection-Hash:
      - 3f62d5dcfd160990ee184deab27ae7c2
      X-Content-Type-Options:
      - nosniff
      X-Frame-Options:
      - SAMEORIGIN
      X-Rate-Limit-Limit:
      - '180'
      X-Rate-Limit-Remaining:
      - '179'
      X-Rate-Limit-Reset:
      - '1439330387'
      X-Response-Time:
      - '29'
      X-Transaction:
      - d93d8807c780e5ed
      X-Twitter-Response-Tags:
      - BouncerCompliant
      X-Xss-Protection:
      - 1; mode=block
    body:
      encoding: ASCII-8BIT
      string: '[{"created_at":"Tue Aug 11 04:56:09 +0000 2015","id":630965907641102336,"id_str":"630965907641102336","text":"@carjug
        Done, and DONE.","source":"\u003ca href=\"http:\/\/twitter.com\" rel=\"nofollow\"\u003eTwitter
        Web Client\u003c\/a\u003e","truncated":false,"in_reply_to_status_id":630947994158788613,"in_reply_to_status_id_str":"630947994158788613","in_reply_to_user_id":21163999,"in_reply_to_user_id_str":"21163999","in_reply_to_screen_name":"carjug","user":{"id":11583102,"id_str":"11583102","name":"Alice
        Rhomieux","screen_name":"rhomieux","location":"Seattle, WA","description":"Human.
        Software development student with @adaacademy cohort[2]. Linguist. Thru-hiker.
        Ice cream enthusiast.","url":null,"entities":{"description":{"urls":[]}},"protected":false,"followers_count":156,"friends_count":248,"listed_count":11,"created_at":"Thu
        Dec 27 23:06:18 +0000 2007","favourites_count":176,"utc_offset":-25200,"time_zone":"Pacific
        Time (US & Canada)","geo_enabled":false,"verified":false,"statuses_count":593,"lang":"en","contributors_enabled":false,"is_translator":false,"is_translation_enabled":false,"profile_background_color":"C6E2EE","profile_background_image_url":"http:\/\/abs.twimg.com\/images\/themes\/theme2\/bg.gif","profile_background_image_url_https":"https:\/\/abs.twimg.com\/images\/themes\/theme2\/bg.gif","profile_background_tile":false,"profile_image_url":"http:\/\/pbs.twimg.com\/profile_images\/1420092476\/mypictr_300x300_normal.jpg","profile_image_url_https":"https:\/\/pbs.twimg.com\/profile_images\/1420092476\/mypictr_300x300_normal.jpg","profile_banner_url":"https:\/\/pbs.twimg.com\/profile_banners\/11583102\/1428423955","profile_link_color":"1F98C7","profile_sidebar_border_color":"C6E2EE","profile_sidebar_fill_color":"DAECF4","profile_text_color":"663B12","profile_use_background_image":true,"has_extended_profile":false,"default_profile":false,"default_profile_image":false,"following":false,"follow_request_sent":false,"notifications":false},"geo":null,"coordinates":null,"place":null,"contributors":null,"is_quote_status":false,"retweet_count":0,"favorite_count":0,"entities":{"hashtags":[],"symbols":[],"user_mentions":[{"screen_name":"carjug","name":"NEW
        AGE MOM","id":21163999,"id_str":"21163999","indices":[0,7]}],"urls":[]},"favorited":false,"retweeted":false,"lang":"en"},{"created_at":"Tue
        Aug 11 03:38:34 +0000 2015","id":630946380945584128,"id_str":"630946380945584128","text":"Hey
        ho?","source":"\u003ca href=\"http:\/\/twitter.com\" rel=\"nofollow\"\u003eTwitter
        Web Client\u003c\/a\u003e","truncated":false,"in_reply_to_status_id":null,"in_reply_to_status_id_str":null,"in_reply_to_user_id":null,"in_reply_to_user_id_str":null,"in_reply_to_screen_name":null,"user":{"id":11583102,"id_str":"11583102","name":"Alice
        Rhomieux","screen_name":"rhomieux","location":"Seattle, WA","description":"Human.
        Software development student with @adaacademy cohort[2]. Linguist. Thru-hiker.
        Ice cream enthusiast.","url":null,"entities":{"description":{"urls":[]}},"protected":false,"followers_count":156,"friends_count":248,"listed_count":11,"created_at":"Thu
        Dec 27 23:06:18 +0000 2007","favourites_count":176,"utc_offset":-25200,"time_zone":"Pacific
        Time (US & Canada)","geo_enabled":false,"verified":false,"statuses_count":593,"lang":"en","contributors_enabled":false,"is_translator":false,"is_translation_enabled":false,"profile_background_color":"C6E2EE","profile_background_image_url":"http:\/\/abs.twimg.com\/images\/themes\/theme2\/bg.gif","profile_background_image_url_https":"https:\/\/abs.twimg.com\/images\/themes\/theme2\/bg.gif","profile_background_tile":false,"profile_image_url":"http:\/\/pbs.twimg.com\/profile_images\/1420092476\/mypictr_300x300_normal.jpg","profile_image_url_https":"https:\/\/pbs.twimg.com\/profile_images\/1420092476\/mypictr_300x300_normal.jpg","profile_banner_url":"https:\/\/pbs.twimg.com\/profile_banners\/11583102\/1428423955","profile_link_color":"1F98C7","profile_sidebar_border_color":"C6E2EE","profile_sidebar_fill_color":"DAECF4","profile_text_color":"663B12","profile_use_background_image":true,"has_extended_profile":false,"default_profile":false,"default_profile_image":false,"following":false,"follow_request_sent":false,"notifications":false},"geo":null,"coordinates":null,"place":null,"contributors":null,"is_quote_status":false,"retweet_count":0,"favorite_count":1,"entities":{"hashtags":[],"symbols":[],"user_mentions":[],"urls":[]},"favorited":false,"retweeted":false,"lang":"en"}]'
    http_version: 
  recorded_at: Tue, 11 Aug 2015 21:44:47 GMT
- request:
    method: get
    uri: https://api.twitter.com/1.1/statuses/oembed.json?id=630965907641102336&omit_script=true
    body:
      encoding: US-ASCII
      string: ''
    headers:
      Accept:
      - application/json
      User-Agent:
      - TwitterRubyGem/5.14.0
      Authorization:
      - OAuth oauth_consumer_key="5krmFXXwWef6Gq3z6nPUtD4e5", oauth_nonce="bca89c6fd6c19895b302fec55b4cfe8c",
        oauth_signature="LEEa2T%2BxHv6bVUA9qgFgBMAM7l4%3D", oauth_signature_method="HMAC-SHA1",
        oauth_timestamp="1439329487", oauth_token="3307358647-bm3xTIpLExcIMMrIDpvdxcntTuyTsuV6hysXg3J",
        oauth_version="1.0"
      Accept-Encoding:
      - gzip;q=1.0,deflate;q=0.6,identity;q=0.3
  response:
    status:
      code: 200
      message: OK
    headers:
      Cache-Control:
      - must-revalidate, max-age=3153600000
      Content-Disposition:
      - attachment; filename=json.json
      Content-Length:
      - '342'
      Content-Type:
      - application/json;charset=utf-8
      Date:
      - Tue, 11 Aug 2015 21:44:47 GMT
      Expires:
      - Thu, 18 Jul 2115 21:44:47 GMT
      Last-Modified:
      - Tue, 11 Aug 2015 21:44:47 GMT
      Server:
      - tsa_a
      Set-Cookie:
      - guest_id=v1%3A143932948761553168; Domain=.twitter.com; Path=/; Expires=Thu,
        10-Aug-2017 21:44:47 UTC
      - lang=en; Path=/
      Strict-Transport-Security:
      - max-age=631138519
      X-Access-Level:
      - read-write
      X-Connection-Hash:
      - 9c2da3a9b381b6a5790abf11ac974718
      X-Content-Type-Options:
      - nosniff
      X-Frame-Options:
      - SAMEORIGIN
      X-Rate-Limit-Limit:
      - '180'
      X-Rate-Limit-Remaining:
      - '179'
      X-Rate-Limit-Reset:
      - '1439330387'
      X-Response-Time:
      - '20'
      X-Transaction:
      - a9c3dafba7b285e5
      X-Xss-Protection:
      - 1; mode=block
    body:
      encoding: ASCII-8BIT
      string: '{"cache_age":"3153600000","url":"https:\/\/twitter.com\/rhomieux\/statuses\/630965907641102336","height":null,"provider_url":"https:\/\/twitter.com","provider_name":"Twitter","author_name":"Alice
        Rhomieux","version":"1.0","author_url":"https:\/\/twitter.com\/rhomieux","type":"rich","html":"\u003Cblockquote
        class=\"twitter-tweet\"\u003E\u003Cp lang=\"en\" dir=\"ltr\"\u003E\u003Ca
        href=\"https:\/\/twitter.com\/carjug\"\u003E@carjug\u003C\/a\u003E Done, and
        DONE.\u003C\/p\u003E&mdash; Alice Rhomieux (@rhomieux) \u003Ca href=\"https:\/\/twitter.com\/rhomieux\/status\/630965907641102336\"\u003EAugust
        11, 2015\u003C\/a\u003E\u003C\/blockquote\u003E\n","width":550}'
    http_version: 
  recorded_at: Tue, 11 Aug 2015 21:44:47 GMT
- request:
    method: get
    uri: https://api.twitter.com/1.1/statuses/oembed.json?id=630946380945584128&omit_script=true
    body:
      encoding: US-ASCII
      string: ''
    headers:
      Accept:
      - application/json
      User-Agent:
      - TwitterRubyGem/5.14.0
      Authorization:
      - OAuth oauth_consumer_key="5krmFXXwWef6Gq3z6nPUtD4e5", oauth_nonce="063c735103bb26e3e4be33899496a4ef",
        oauth_signature="%2F2GdML1FTNvdd5kgmAFUhmDvRjk%3D", oauth_signature_method="HMAC-SHA1",
        oauth_timestamp="1439329487", oauth_token="3307358647-bm3xTIpLExcIMMrIDpvdxcntTuyTsuV6hysXg3J",
        oauth_version="1.0"
      Accept-Encoding:
      - gzip;q=1.0,deflate;q=0.6,identity;q=0.3
  response:
    status:
      code: 200
      message: OK
    headers:
      Cache-Control:
      - must-revalidate, max-age=3153600000
      Content-Disposition:
      - attachment; filename=json.json
      Content-Length:
      - '320'
      Content-Type:
      - application/json;charset=utf-8
      Date:
      - Tue, 11 Aug 2015 21:44:47 GMT
      Expires:
      - Thu, 18 Jul 2115 21:44:47 GMT
      Last-Modified:
      - Tue, 11 Aug 2015 21:44:47 GMT
      Server:
      - tsa_a
      Set-Cookie:
      - guest_id=v1%3A143932948777162691; Domain=.twitter.com; Path=/; Expires=Thu,
        10-Aug-2017 21:44:47 UTC
      - lang=en; Path=/
      Strict-Transport-Security:
      - max-age=631138519
      X-Access-Level:
      - read-write
      X-Connection-Hash:
      - 95476eb4e6f5b7aeb8056e2aa9fcda98
      X-Content-Type-Options:
      - nosniff
      X-Frame-Options:
      - SAMEORIGIN
      X-Rate-Limit-Limit:
      - '180'
      X-Rate-Limit-Remaining:
      - '178'
      X-Rate-Limit-Reset:
      - '1439330387'
      X-Response-Time:
      - '21'
      X-Transaction:
      - 33a3c8679f1438ba
      X-Xss-Protection:
      - 1; mode=block
    body:
      encoding: ASCII-8BIT
      string: '{"cache_age":"3153600000","url":"https:\/\/twitter.com\/rhomieux\/statuses\/630946380945584128","height":null,"provider_url":"https:\/\/twitter.com","provider_name":"Twitter","author_name":"Alice
        Rhomieux","version":"1.0","author_url":"https:\/\/twitter.com\/rhomieux","type":"rich","html":"\u003Cblockquote
        class=\"twitter-tweet\"\u003E\u003Cp lang=\"en\" dir=\"ltr\"\u003EHey ho?\u003C\/p\u003E&mdash;
        Alice Rhomieux (@rhomieux) \u003Ca href=\"https:\/\/twitter.com\/rhomieux\/status\/630946380945584128\"\u003EAugust
        11, 2015\u003C\/a\u003E\u003C\/blockquote\u003E\n","width":550}'
    http_version: 
  recorded_at: Tue, 11 Aug 2015 21:44:47 GMT
- request:
    method: get
    uri: https://api.instagram.com/v1/users/10206720/media/recent/?access_token=1979921355.9ba3f66.e43d8cd6d85746fa8fe7c6e5b64ea71e&min_id=914665339329635845_10206720
    body:
      encoding: US-ASCII
      string: ''
    headers:
      Accept-Encoding:
      - gzip;q=1.0,deflate;q=0.6,identity;q=0.3
      Accept:
      - "*/*"
      User-Agent:
      - Ruby
  response:
    status:
      code: 200
      message: OK
    headers:
      X-Ratelimit-Remaining:
      - '4985'
      Content-Language:
      - en
      Expires:
      - Sat, 01 Jan 2000 00:00:00 GMT
      Vary:
      - Cookie, Accept-Language, Accept-Encoding
      X-Ratelimit-Limit:
      - '5000'
      Pragma:
      - no-cache
      Cache-Control:
      - private, no-cache, no-store, must-revalidate
      Date:
      - Tue, 11 Aug 2015 21:44:47 GMT
      Content-Type:
      - application/json; charset=utf-8
      Set-Cookie:
      - csrftoken=eba2e754eed815004049fd99d7457af0; expires=Tue, 09-Aug-2016 21:44:47
        GMT; Max-Age=31449600; Path=/
      Connection:
      - keep-alive
      Content-Length:
      - '4727'
    body:
      encoding: ASCII-8BIT
      string: '{"pagination":{},"meta":{"code":200},"data":[{"attribution":null,"tags":["44turns54"],"type":"image","location":{"latitude":41.88048,"longitude":-87.656045},"comments":{"count":11687,"data":[{"created_time":"1439328973","text":"@jetonihoxha
        same","from":{"username":"karina.annee","profile_picture":"https:\/\/igcdn-photos-f-a.akamaihd.net\/hphotos-ak-xaf1\/t51.2885-19\/s150x150\/11809530_719147884881765_250822772_a.jpg","id":"1640158657","full_name":""},"id":"1049489952776841055"},{"created_time":"1439329086","text":"@http.conscience.fr
        Aww good\ud83d\ude06 have a good time \ud83d\ude0b\ud83c\udf39 I think Obama
        ur president","from":{"username":"_naz_97","profile_picture":"https:\/\/igcdn-photos-a-a.akamaihd.net\/hphotos-ak-xaf1\/t51.2885-19\/s150x150\/11348133_1035958409756320_1884869638_a.jpg","id":"1974255911","full_name":"\u2764\ufe0fDAD\ud83d\udc9dMOM\ud83d\udc9f"},"id":"1049490903038355380"},{"created_time":"1439329213","text":"@_naz_97
        No Obama is in Usa","from":{"username":"http.conscience.fr","profile_picture":"https:\/\/igcdn-photos-a-a.akamaihd.net\/hphotos-ak-xaf1\/t51.2885-19\/s150x150\/11251005_472154366291208_392156947_a.jpg","id":"1967366449","full_name":"REVA
        ROBERTS"},"id":"1049491964826412059"},{"created_time":"1439329235","text":"@barackobama
        thank you for your support,iranian people believe you","from":{"username":"parniyansoleimani","profile_picture":"https:\/\/igcdn-photos-a-a.akamaihd.net\/hphotos-ak-xfa1\/t51.2885-19\/11356739_1636923793231392_1133880591_a.jpg","id":"1294894413","full_name":"Parniyan\ud83d\udc51Soleimani"},"id":"1049492152529904690"},{"created_time":"1439329345","text":"Karina.Anne
        you are stupid go in hell bitch","from":{"username":"jetonihoxha","profile_picture":"https:\/\/igcdn-photos-f-a.akamaihd.net\/hphotos-ak-xpf1\/t51.2885-19\/s150x150\/10261198_382011148666037_254620549_a.jpg","id":"1696080372","full_name":"Jeton
        I. Hoxha"},"id":"1049493074563753099"},{"created_time":"1439329346","text":"#BAEKBAMA
        #BAEKBAMA #BAEKBAMA #BAEKBAMA #BAEKBAMA #BAEKBAMA #BAEKBAMA #BAEKBAMA #BAEKBAMA
        #BAEKBAMA","from":{"username":"kpopdance","profile_picture":"https:\/\/igcdn-photos-a-a.akamaihd.net\/hphotos-ak-xap1\/t51.2885-19\/11208165_946642185387064_1684163771_a.jpg","id":"1391055587","full_name":"Kaitlynn"},"id":"1049493083254350988"},{"created_time":"1439329368","text":"@http.conscience.fr
        yeah, sorry \ud83d\ude15","from":{"username":"_naz_97","profile_picture":"https:\/\/igcdn-photos-a-a.akamaihd.net\/hphotos-ak-xaf1\/t51.2885-19\/s150x150\/11348133_1035958409756320_1884869638_a.jpg","id":"1974255911","full_name":"\u2764\ufe0fDAD\ud83d\udc9dMOM\ud83d\udc9f"},"id":"1049493264624444571"},{"created_time":"1439329388","text":"Don''t
        fight. Just #BAEKBAMA","from":{"username":"kpopdance","profile_picture":"https:\/\/igcdn-photos-a-a.akamaihd.net\/hphotos-ak-xap1\/t51.2885-19\/11208165_946642185387064_1684163771_a.jpg","id":"1391055587","full_name":"Kaitlynn"},"id":"1049493436020483244"}]},"filter":"Normal","created_time":"1438725773","link":"https:\/\/instagram.com\/p\/5-j3-jGuZn\/","likes":{"count":96510,"data":[{"username":"sioban2bert","profile_picture":"https:\/\/igcdn-photos-d-a.akamaihd.net\/hphotos-ak-xaf1\/t51.2885-19\/s150x150\/11328535_651168205019835_807623970_a.jpg","id":"2139827144","full_name":"Sioban
        and Bert"},{"username":"aaron.reynolds1","profile_picture":"https:\/\/igcdn-photos-c-a.akamaihd.net\/hphotos-ak-xaf1\/t51.2885-19\/s150x150\/11428404_1609856179265410_573645652_a.jpg","id":"2139829168","full_name":"AARON"},{"username":"oilvia95","profile_picture":"https:\/\/igcdn-photos-a-a.akamaihd.net\/hphotos-ak-xfa1\/t51.2885-19\/s150x150\/11380049_700232880109144_2043106015_a.jpg","id":"2139822444","full_name":"\ud83c\udf80\u00d5\u00ee\u0142v\u00ee\u00e5\ud83c\udf80"},{"username":"khorshid93.p","profile_picture":"https:\/\/igcdn-photos-d-a.akamaihd.net\/hphotos-ak-xpf1\/t51.2885-19\/1390079_994120100611859_1316929079_a.jpg","id":"2139819095","full_name":"khorshid93"}]},"images":{"low_resolution":{"url":"https:\/\/scontent.cdninstagram.com\/hphotos-xaf1\/t51.2885-15\/s320x320\/e15\/11821354_1180387878644305_1097492289_n.jpg","width":320,"height":320},"thumbnail":{"url":"https:\/\/scontent.cdninstagram.com\/hphotos-xaf1\/t51.2885-15\/s150x150\/e15\/11821354_1180387878644305_1097492289_n.jpg","width":150,"height":150},"standard_resolution":{"url":"https:\/\/scontent.cdninstagram.com\/hphotos-xaf1\/t51.2885-15\/s640x640\/sh0.08\/e35\/11821354_1180387878644305_1097492289_n.jpg","width":640,"height":640}},"users_in_photo":[],"caption":{"created_time":"1438725773","text":"Want
        to wish this guy a happy birthday? Sign OFA''s card \u2192 Link in profile.
        #44turns54","from":{"username":"barackobama","profile_picture":"https:\/\/igcdn-photos-a-a.akamaihd.net\/hphotos-ak-xfa1\/t51.2885-19\/11265101_460603994110752_412794681_a.jpg","id":"10206720","full_name":"Barack
        Obama"},"id":"1044429943776929171"},"user_has_liked":false,"id":"1044429941956601447_10206720","user":{"username":"barackobama","profile_picture":"https:\/\/igcdn-photos-a-a.akamaihd.net\/hphotos-ak-xfa1\/t51.2885-19\/11265101_460603994110752_412794681_a.jpg","id":"10206720","full_name":"Barack
        Obama"}},{"attribution":null,"tags":["betterwithobamacare","obamacare"],"type":"image","location":null,"comments":{"count":184330,"data":[{"created_time":"1439323273","text":"mout
        nik omek","from":{"username":"walid.soltan","profile_picture":"https:\/\/igcdn-photos-h-a.akamaihd.net\/hphotos-ak-xaf1\/t51.2885-19\/s150x150\/11372157_492097977632215_752740155_a.jpg","id":"1607036788","full_name":"walidsoltan"},"id":"1049442136805270811"},{"created_time":"1439323774","text":"@_lily_pommier
        @juh__nay gotta get that heroin fix","from":{"username":"zebidiah7","profile_picture":"https:\/\/igcdn-photos-b-a.akamaihd.net\/hphotos-ak-xaf1\/t51.2885-19\/11355289_630131830463833_219493645_a.jpg","id":"548244798","full_name":"Zeb"},"id":"1049446342828156610"},{"created_time":"1439324874","text":"Why
        did u let gay people get married that''s not God now all those people are
        going to hell. Now because of u now little kids going to think that it right
        to date the same sex.... and in he future there will not be little children
        because most of everybody going to be gay. . That #shit is every #sad ....p.s
        people shouldn''t have voted for u","from":{"username":"moneyhungery.mani","profile_picture":"https:\/\/igcdn-photos-f-a.akamaihd.net\/hphotos-ak-xaf1\/t51.2885-19\/s150x150\/11848996_950397818351477_1597643576_a.jpg","id":"1203239929","full_name":""},"id":"1049455569281934906"},{"created_time":"1439325112","text":"Um?
        ^","from":{"username":"jazzinasset","profile_picture":"https:\/\/igcdn-photos-f-a.akamaihd.net\/hphotos-ak-xaf1\/t51.2885-19\/11380786_652975818136509_1980225194_a.jpg","id":"423118235","full_name":"Abster
        Gump\/Jackson\/Castro\ud83c\udf3b"},"id":"1049457565611255539"},{"created_time":"1439325589","text":"Agreed
        @moneyhungery.mani \ud83d\udcaf\ud83d\udcaf","from":{"username":"m.i.l._","profile_picture":"https:\/\/igcdn-photos-c-a.akamaihd.net\/hphotos-ak-xpa1\/t51.2885-19\/10945199_1043314882351546_809546781_a.jpg","id":"744474641","full_name":"Michael.Latulas"},"id":"1049461568109732960"},{"created_time":"1439326233","text":"#betterwithobamacare
        ????? Wtf no it gave Insurance to people who chose not to work and sit at
        home and do nothing and that their activities be funded by the government
        while Obamacare took away the insurance from people who actually pay for it.
        And now hard working people''s money from taxes goes to people could care
        less about work... Nice job Obama!","from":{"username":"tkd_dominick_doyle_","profile_picture":"https:\/\/igcdn-photos-d-a.akamaihd.net\/hphotos-ak-xpf1\/t51.2885-19\/s150x150\/10175170_515070961980411_458156339_a.jpg","id":"362762114","full_name":"Dominick
        Doyle"},"id":"1049466972009064010"},{"created_time":"1439326763","text":"Allah
        Akbar","from":{"username":"michaelnolet","profile_picture":"https:\/\/igcdn-photos-g-a.akamaihd.net\/hphotos-ak-xfa1\/t51.2885-19\/s150x150\/11420783_1472525469711182_1368107895_a.jpg","id":"192831853","full_name":"Nolet"},"id":"1049471419204429819"},{"created_time":"1439328461","text":"Obama
        really.  Jade helm?????","from":{"username":"shekindapretty","profile_picture":"https:\/\/igcdn-photos-d-a.akamaihd.net\/hphotos-ak-xfa1\/t51.2885-19\/s150x150\/11419091_1470865616543123_1141590472_a.jpg","id":"1512195095","full_name":""},"id":"1049485662507165119"}]},"filter":"Normal","created_time":"1427150542","link":"https:\/\/instagram.com\/p\/0ll36NGuVE\/","likes":{"count":166040,"data":[{"username":"khorshid93.p","profile_picture":"https:\/\/igcdn-photos-d-a.akamaihd.net\/hphotos-ak-xpf1\/t51.2885-19\/1390079_994120100611859_1316929079_a.jpg","id":"2139819095","full_name":"khorshid93"},{"username":"nikitaaverma","profile_picture":"https:\/\/igcdn-photos-f-a.akamaihd.net\/hphotos-ak-xaf1\/t51.2885-19\/s150x150\/11428695_825361097559229_1014363058_a.jpg","id":"2139820575","full_name":"Nikita
        verma \ud83d\udc6f"},{"username":"ravantan94","profile_picture":"https:\/\/igcdn-photos-e-a.akamaihd.net\/hphotos-ak-xaf1\/t51.2885-19\/11378404_1607593819513732_754336607_a.jpg","id":"2139826717","full_name":"Mrs
        Mansi"},{"username":"snow00145","profile_picture":"https:\/\/instagramimages-a.akamaihd.net\/profiles\/anonymousUser.jpg","id":"2139829343","full_name":""}]},"images":{"low_resolution":{"url":"https:\/\/scontent.cdninstagram.com\/hphotos-xpf1\/t51.2885-15\/s320x320\/e15\/11055946_406244246223563_666799740_n.jpg","width":320,"height":320},"thumbnail":{"url":"https:\/\/scontent.cdninstagram.com\/hphotos-xpf1\/t51.2885-15\/s150x150\/e15\/11055946_406244246223563_666799740_n.jpg","width":150,"height":150},"standard_resolution":{"url":"https:\/\/scontent.cdninstagram.com\/hphotos-xpf1\/t51.2885-15\/e15\/11055946_406244246223563_666799740_n.jpg","width":640,"height":640}},"users_in_photo":[],"caption":{"created_time":"1427150542","text":"#Obamacare
        has helped cover more than 16 million Americans. Tell us how your life is
        #BetterWithObamacare at BarackObama.com\/Five-Years-of-Obamacare","from":{"username":"barackobama","profile_picture":"https:\/\/igcdn-photos-a-a.akamaihd.net\/hphotos-ak-xfa1\/t51.2885-19\/11265101_460603994110752_412794681_a.jpg","id":"10206720","full_name":"Barack
        Obama"},"id":"947329866630096296"},"user_has_liked":false,"id":"947329866420380996_10206720","user":{"username":"barackobama","profile_picture":"https:\/\/igcdn-photos-a-a.akamaihd.net\/hphotos-ak-xfa1\/t51.2885-19\/11265101_460603994110752_412794681_a.jpg","id":"10206720","full_name":"Barack
        Obama"}},{"attribution":null,"tags":["repost"],"type":"image","location":{"latitude":41.886113703,"longitude":-87.644308567},"comments":{"count":24803,"data":[{"created_time":"1439293092","text":"Hi
        sir all I wanna say is that I wish you were kinder with Iranians","from":{"username":"cyrus_2424","profile_picture":"https:\/\/igcdn-photos-c-a.akamaihd.net\/hphotos-ak-xpf1\/t51.2885-19\/1941263_540682099405954_1767903823_a.jpg","id":"1516935553","full_name":"Kuroosh"},"id":"1049188965109392493"},{"created_time":"1439294058","text":"\u0427\u043c\u043e
        \u0447\u0435\u0440\u043d\u043e\u0436\u043e\u043f\u043e\u0435","from":{"username":"kirih_pops","profile_picture":"https:\/\/igcdn-photos-a-a.akamaihd.net\/hphotos-ak-xfa1\/t51.2885-19\/11261348_1626151024329472_1507309284_a.jpg","id":"1695789340","full_name":"\u043a\u0438\u0440\u0438\u043b\u043b"},"id":"1049197065207998052"},{"created_time":"1439300194","text":"terrible
        president","from":{"username":"crouse34","profile_picture":"https:\/\/igcdn-photos-f-a.akamaihd.net\/hphotos-ak-xpf1\/t51.2885-19\/10932149_403787103113645_243740845_a.jpg","id":"185168812","full_name":"Nick
        Skate Crouse"},"id":"1049248537304032394"},{"created_time":"1439305369","text":"Most
        stupid and SISSY president ever! Nothing but a faggot","from":{"username":"logan5874","profile_picture":"https:\/\/igcdn-photos-c-a.akamaihd.net\/hphotos-ak-xfa1\/t51.2885-19\/s150x150\/11374202_1672448129656114_1663853970_a.jpg","id":"488321112","full_name":"\ud83d\udc51\u0141\u00f6\u011f\u0105\u00f1
        \u011e\u0155\u0119\u0119\u0144\ud83d\udc51"},"id":"1049291946119062789"},{"created_time":"1439309830","text":"Meme","from":{"username":"captainegobang","profile_picture":"https:\/\/igcdn-photos-g-a.akamaihd.net\/hphotos-ak-xfa1\/t51.2885-19\/11373560_516683101814246_1514637455_a.jpg","id":"2128898901","full_name":"DJ
        Jizzy Jeb"},"id":"1049329371323229775"},{"created_time":"1439320706","text":"Wise
        words.","from":{"username":"enaaa_na","profile_picture":"https:\/\/igcdn-photos-b-a.akamaihd.net\/hphotos-ak-xfa1\/t51.2885-19\/11312114_1667275426824345_1101713770_a.jpg","id":"1323072582","full_name":"\ud83d\udc27\ud83d\udc27\ud83d\udc27"},"id":"1049420606134215915"},{"created_time":"1439320808","text":"If
        this guy were a good president he''d stop daesh. It''s history repeating just
        like the holocaust I swear.","from":{"username":"jacobyousif30","profile_picture":"https:\/\/igcdn-photos-d-a.akamaihd.net\/hphotos-ak-xfa1\/t51.2885-19\/11313569_454666888045011_1402851908_a.jpg","id":"2116164508","full_name":"Jacob\ud83d\udcaf"},"id":"1049421460010624305"},{"created_time":"1439322805","text":"Papi","from":{"username":"brokencigars","profile_picture":"https:\/\/igcdn-photos-d-a.akamaihd.net\/hphotos-ak-xaf1\/t51.2885-19\/s150x150\/11821789_817513768345699_1712710374_a.jpg","id":"1262239234","full_name":"reagan
        |-\/"},"id":"1049438210248861555"}]},"filter":"Normal","created_time":"1423256626","link":"https:\/\/instagram.com\/p\/yxi0evGuYF\/","likes":{"count":109999,"data":[{"username":"serkancayogluoffiicial","profile_picture":"https:\/\/igcdn-photos-d-a.akamaihd.net\/hphotos-ak-xfa1\/t51.2885-19\/11380799_528277573979987_1582970510_a.jpg","id":"2139727890","full_name":"Serkan
        Cayoglu"},{"username":"kemal_rahman","profile_picture":"https:\/\/igcdn-photos-c-a.akamaihd.net\/hphotos-ak-xaf1\/t51.2885-19\/s150x150\/11313513_927694073940762_254495369_a.jpg","id":"2139747101","full_name":""},{"username":"pequena.polega","profile_picture":"https:\/\/scontent.cdninstagram.com\/hphotos-xaf1\/t51.2885-19\/s150x150\/11363829_1691780104388430_1573743737_a.jpg","id":"2139743542","full_name":"lorrayne
        Guedez \ud83c\udf38"},{"username":"nooshin_s__","profile_picture":"https:\/\/igcdn-photos-b-a.akamaihd.net\/hphotos-ak-xfa1\/t51.2885-19\/s150x150\/11311361_104833019869057_2128122061_a.jpg","id":"2139738295","full_name":"Good
        girl\ud83d\ude0d"}]},"images":{"low_resolution":{"url":"https:\/\/scontent.cdninstagram.com\/hphotos-xpt1\/t51.2885-15\/s320x320\/e15\/10932596_933327773357690_534907999_n.jpg","width":320,"height":320},"thumbnail":{"url":"https:\/\/scontent.cdninstagram.com\/hphotos-xpt1\/t51.2885-15\/s150x150\/e15\/10932596_933327773357690_534907999_n.jpg","width":150,"height":150},"standard_resolution":{"url":"https:\/\/scontent.cdninstagram.com\/hphotos-xpt1\/t51.2885-15\/e15\/10932596_933327773357690_534907999_n.jpg","width":640,"height":640}},"users_in_photo":[],"caption":{"created_time":"1423256626","text":"#Repost
        @humansofny\u2028\u30fb\u30fb\u30fb\u2028\u201cWhen is the time you felt most
        broken?\u201d\n\u201cI first ran for Congress in 1999, and I got beat. I just
        got whooped. I had been in the state legislature for a long time, I was in
        the minority party, I wasn\u2019t getting a lot done, and I was away from
        my family and putting a lot of strain on Michelle. Then for me to run and
        lose that bad, I was thinking maybe this isn\u2019t what I was cut out to
        do. I was forty years old, and I\u2019d invested a lot of time and effort
        into something that didn\u2019t seem to be working. But the thing that got
        me through that moment, and any other time that I\u2019ve felt stuck, is to
        remind myself that it\u2019s about the work. Because if you\u2019re worrying
        about yourself\u2014if you\u2019re thinking: \u2018Am I succeeding? Am I in
        the right position? Am I being appreciated?\u2019 --- then you\u2019re going
        to end up feeling frustrated and stuck. But if you can keep it about the work,
        you\u2019ll always have a path. There\u2019s always something to be done.\u201d","from":{"username":"barackobama","profile_picture":"https:\/\/igcdn-photos-a-a.akamaihd.net\/hphotos-ak-xfa1\/t51.2885-19\/11265101_460603994110752_412794681_a.jpg","id":"10206720","full_name":"Barack
        Obama"},"id":"914665339589682894"},"user_has_liked":false,"id":"914665339329635845_10206720","user":{"username":"barackobama","profile_picture":"https:\/\/igcdn-photos-a-a.akamaihd.net\/hphotos-ak-xfa1\/t51.2885-19\/11265101_460603994110752_412794681_a.jpg","id":"10206720","full_name":"Barack
        Obama"}}]}'
    http_version: 
  recorded_at: Tue, 11 Aug 2015 21:44:48 GMT
- request:
    method: get
    uri: http://api.instagram.com/oembed?omitscript=false&url=https://instagram.com/p/5-j3-jGuZn/
    body:
      encoding: US-ASCII
      string: ''
    headers:
      Accept-Encoding:
      - gzip;q=1.0,deflate;q=0.6,identity;q=0.3
      Accept:
      - "*/*"
      User-Agent:
      - Ruby
  response:
    status:
      code: 301
      message: MOVED PERMANENTLY
    headers:
      Content-Language:
      - en
      Expires:
      - Sat, 01 Jan 2000 00:00:00 GMT
      Vary:
      - Accept-Language, Cookie
      Location:
      - http://api.instagram.com/publicapi/oembed/?omitscript=false&url=https://instagram.com/p/5-j3-jGuZn/
      Pragma:
      - no-cache
      Cache-Control:
      - private, no-cache, no-store, must-revalidate
      Date:
      - Tue, 11 Aug 2015 21:44:48 GMT
      Content-Type:
      - text/html; charset=utf-8
      Connection:
      - keep-alive
      Content-Length:
      - '0'
    body:
      encoding: UTF-8
      string: ''
    http_version: 
  recorded_at: Tue, 11 Aug 2015 21:44:49 GMT
- request:
    method: get
    uri: http://api.instagram.com/publicapi/oembed/?omitscript=false&url=https://instagram.com/p/5-j3-jGuZn/
    body:
      encoding: US-ASCII
      string: ''
    headers:
      Accept-Encoding:
      - gzip;q=1.0,deflate;q=0.6,identity;q=0.3
      Accept:
      - "*/*"
      User-Agent:
      - Ruby
  response:
    status:
      code: 200
      message: OK
    headers:
      Server:
      - nginx
      Date:
      - Tue, 11 Aug 2015 21:44:49 GMT
      Content-Type:
      - application/json
      Content-Language:
      - en
      Expires:
      - Sat, 01 Jan 2000 00:00:00 GMT
      Vary:
      - Cookie, Accept-Language, Accept-Encoding
      Pragma:
      - no-cache
      Cache-Control:
      - private, no-cache, no-store, must-revalidate
      Set-Cookie:
      - csrftoken=7b17dadd147ae5f25b298d732275919e; expires=Tue, 09-Aug-2016 21:44:49
        GMT; Max-Age=31449600; Path=/
      - mid=Vcps0QAEAAFE0y9TQ_dL8mrVyXgC; expires=Mon, 06-Aug-2035 21:44:49 GMT; Max-Age=630720000;
        Path=/
      Connection:
      - keep-alive
      Content-Length:
      - '1358'
    body:
      encoding: ASCII-8BIT
      string: '{"provider_url":"https:\/\/instagram.com\/","media_id":"1044429941956601447_10206720","author_name":"barackobama","height":null,"provider_name":"Instagram","title":"Want
        to wish this guy a happy birthday? Sign OFA''s card \u2192 Link in profile.
        #44turns54","html":"\u003cblockquote class=\"instagram-media\" data-instgrm-captioned
        data-instgrm-version=\"4\" style=\" background:#FFF; border:0; border-radius:3px;
        box-shadow:0 0 1px 0 rgba(0,0,0,0.5),0 1px 10px 0 rgba(0,0,0,0.15); margin:
        1px; max-width:658px; padding:0; width:99.375%; width:-webkit-calc(100% -
        2px); width:calc(100% - 2px);\"\u003e\u003cdiv style=\"padding:8px;\"\u003e
        \u003cdiv style=\" background:#F8F8F8; line-height:0; margin-top:40px; padding:50%
        0; text-align:center; width:100%;\"\u003e \u003cdiv style=\" background:url(data:image\/png;base64,iVBORw0KGgoAAAANSUhEUgAAACwAAAAsCAMAAAApWqozAAAAGFBMVEUiIiI9PT0eHh4gIB4hIBkcHBwcHBwcHBydr+JQAAAACHRSTlMABA4YHyQsM5jtaMwAAADfSURBVDjL7ZVBEgMhCAQBAf\/\/42xcNbpAqakcM0ftUmFAAIBE81IqBJdS3lS6zs3bIpB9WED3YYXFPmHRfT8sgyrCP1x8uEUxLMzNWElFOYCV6mHWWwMzdPEKHlhLw7NWJqkHc4uIZphavDzA2JPzUDsBZziNae2S6owH8xPmX8G7zzgKEOPUoYHvGz1TBCxMkd3kwNVbU0gKHkx+iZILf77IofhrY1nYFnB\/lQPb79drWOyJVa\/DAvg9B\/rLB4cC+Nqgdz\/TvBbBnr6GBReqn\/nRmDgaQEej7WhonozjF+Y2I\/fZou\/qAAAAAElFTkSuQmCC);
        display:block; height:44px; margin:0 auto -44px; position:relative; top:-22px;
        width:44px;\"\u003e\u003c\/div\u003e\u003c\/div\u003e \u003cp style=\" margin:8px
        0 0 0; padding:0 4px;\"\u003e \u003ca href=\"https:\/\/instagram.com\/p\/5-j3-jGuZn\/\"
        style=\" color:#000; font-family:Arial,sans-serif; font-size:14px; font-style:normal;
        font-weight:normal; line-height:17px; text-decoration:none; word-wrap:break-word;\"
        target=\"_top\"\u003eWant to wish this guy a happy birthday? Sign OFA\u0026#39;s
        card \u2192 Link in profile. #44turns54\u003c\/a\u003e\u003c\/p\u003e \u003cp
        style=\" color:#c9c8cd; font-family:Arial,sans-serif; font-size:14px; line-height:17px;
        margin-bottom:0; margin-top:8px; overflow:hidden; padding:8px 0 7px; text-align:center;
        text-overflow:ellipsis; white-space:nowrap;\"\u003eA photo posted by Barack
        Obama (@barackobama) on \u003ctime style=\" font-family:Arial,sans-serif;
        font-size:14px; line-height:17px;\" datetime=\"2015-08-04T22:02:53+00:00\"\u003eAug
        4, 2015 at 3:02pm PDT\u003c\/time\u003e\u003c\/p\u003e\u003c\/div\u003e\u003c\/blockquote\u003e\n\u003cscript
        async defer src=\"\/\/platform.instagram.com\/en_US\/embeds.js\"\u003e\u003c\/script\u003e","width":658,"version":"1.0","author_url":"https:\/\/instagram.com\/barackobama","author_id":10206720,"type":"rich"}'
    http_version: 
  recorded_at: Tue, 11 Aug 2015 21:44:49 GMT
- request:
    method: get
    uri: http://api.instagram.com/oembed?omitscript=false&url=https://instagram.com/p/0ll36NGuVE/
    body:
      encoding: US-ASCII
      string: ''
    headers:
      Accept-Encoding:
      - gzip;q=1.0,deflate;q=0.6,identity;q=0.3
      Accept:
      - "*/*"
      User-Agent:
      - Ruby
  response:
    status:
      code: 301
      message: MOVED PERMANENTLY
    headers:
      Content-Language:
      - en
      Expires:
      - Sat, 01 Jan 2000 00:00:00 GMT
      Vary:
      - Accept-Language, Cookie
      Location:
      - http://api.instagram.com/publicapi/oembed/?omitscript=false&url=https://instagram.com/p/0ll36NGuVE/
      Pragma:
      - no-cache
      Cache-Control:
      - private, no-cache, no-store, must-revalidate
      Date:
      - Tue, 11 Aug 2015 21:44:50 GMT
      Content-Type:
      - text/html; charset=utf-8
      Connection:
      - keep-alive
      Content-Length:
      - '0'
    body:
      encoding: UTF-8
      string: ''
    http_version: 
  recorded_at: Tue, 11 Aug 2015 21:44:50 GMT
- request:
    method: get
    uri: http://api.instagram.com/publicapi/oembed/?omitscript=false&url=https://instagram.com/p/0ll36NGuVE/
    body:
      encoding: US-ASCII
      string: ''
    headers:
      Accept-Encoding:
      - gzip;q=1.0,deflate;q=0.6,identity;q=0.3
      Accept:
      - "*/*"
      User-Agent:
      - Ruby
  response:
    status:
      code: 200
      message: OK
    headers:
      Server:
      - nginx
      Date:
      - Tue, 11 Aug 2015 21:44:50 GMT
      Content-Type:
      - application/json
      Content-Language:
      - en
      Expires:
      - Sat, 01 Jan 2000 00:00:00 GMT
      Vary:
      - Cookie, Accept-Language, Accept-Encoding
      Pragma:
      - no-cache
      Cache-Control:
      - private, no-cache, no-store, must-revalidate
      Set-Cookie:
      - csrftoken=4193866cb6ca92ad248f5481fd5096ca; expires=Tue, 09-Aug-2016 21:44:50
        GMT; Max-Age=31449600; Path=/
      - mid=Vcps0gAEAAEvWmzKcsNz5GEe3MJt; expires=Mon, 06-Aug-2035 21:44:50 GMT; Max-Age=630720000;
        Path=/
      Connection:
      - keep-alive
      Content-Length:
      - '1469'
    body:
      encoding: ASCII-8BIT
      string: '{"provider_url":"https:\/\/instagram.com\/","media_id":"947329866420380996_10206720","author_name":"barackobama","height":null,"thumbnail_url":"https:\/\/igcdn-photos-d-a.akamaihd.net\/hphotos-ak-xpf1\/t51.2885-15\/11055946_406244246223563_666799740_n.jpg","thumbnail_width":640,"thumbnail_height":640,"provider_name":"Instagram","title":"#Obamacare
        has helped cover more than 16 million Americans. Tell us how your life is
        #BetterWithObamacare at BarackObama.com\/Five-Years-of-Obamacare","html":"\u003cblockquote
        class=\"instagram-media\" data-instgrm-captioned data-instgrm-version=\"4\"
        style=\" background:#FFF; border:0; border-radius:3px; box-shadow:0 0 1px
        0 rgba(0,0,0,0.5),0 1px 10px 0 rgba(0,0,0,0.15); margin: 1px; max-width:658px;
        padding:0; width:99.375%; width:-webkit-calc(100% - 2px); width:calc(100%
        - 2px);\"\u003e\u003cdiv style=\"padding:8px;\"\u003e \u003cdiv style=\" background:#F8F8F8;
        line-height:0; margin-top:40px; padding:50% 0; text-align:center; width:100%;\"\u003e
        \u003cdiv style=\" background:url(data:image\/png;base64,iVBORw0KGgoAAAANSUhEUgAAACwAAAAsCAMAAAApWqozAAAAGFBMVEUiIiI9PT0eHh4gIB4hIBkcHBwcHBwcHBydr+JQAAAACHRSTlMABA4YHyQsM5jtaMwAAADfSURBVDjL7ZVBEgMhCAQBAf\/\/42xcNbpAqakcM0ftUmFAAIBE81IqBJdS3lS6zs3bIpB9WED3YYXFPmHRfT8sgyrCP1x8uEUxLMzNWElFOYCV6mHWWwMzdPEKHlhLw7NWJqkHc4uIZphavDzA2JPzUDsBZziNae2S6owH8xPmX8G7zzgKEOPUoYHvGz1TBCxMkd3kwNVbU0gKHkx+iZILf77IofhrY1nYFnB\/lQPb79drWOyJVa\/DAvg9B\/rLB4cC+Nqgdz\/TvBbBnr6GBReqn\/nRmDgaQEej7WhonozjF+Y2I\/fZou\/qAAAAAElFTkSuQmCC);
        display:block; height:44px; margin:0 auto -44px; position:relative; top:-22px;
        width:44px;\"\u003e\u003c\/div\u003e\u003c\/div\u003e \u003cp style=\" margin:8px
        0 0 0; padding:0 4px;\"\u003e \u003ca href=\"https:\/\/instagram.com\/p\/0ll36NGuVE\/\"
        style=\" color:#000; font-family:Arial,sans-serif; font-size:14px; font-style:normal;
        font-weight:normal; line-height:17px; text-decoration:none; word-wrap:break-word;\"
        target=\"_top\"\u003e#Obamacare has helped cover more than 16 million Americans.
        Tell us how your life is #BetterWithObamacare at BarackObama.com\/Five-Years-of-Obamacare\u003c\/a\u003e\u003c\/p\u003e
        \u003cp style=\" color:#c9c8cd; font-family:Arial,sans-serif; font-size:14px;
        line-height:17px; margin-bottom:0; margin-top:8px; overflow:hidden; padding:8px
        0 7px; text-align:center; text-overflow:ellipsis; white-space:nowrap;\"\u003eA
        photo posted by Barack Obama (@barackobama) on \u003ctime style=\" font-family:Arial,sans-serif;
        font-size:14px; line-height:17px;\" datetime=\"2015-03-23T22:42:22+00:00\"\u003eMar
        23, 2015 at 3:42pm PDT\u003c\/time\u003e\u003c\/p\u003e\u003c\/div\u003e\u003c\/blockquote\u003e\n\u003cscript
        async defer src=\"\/\/platform.instagram.com\/en_US\/embeds.js\"\u003e\u003c\/script\u003e","width":658,"version":"1.0","author_url":"https:\/\/instagram.com\/barackobama","author_id":10206720,"type":"rich"}'
    http_version: 
  recorded_at: Tue, 11 Aug 2015 21:44:50 GMT
recorded_with: VCR 2.9.3
